$namespace = "root\standardcimv2\embedded"
$class = Get-CimClass -Namespace $namespace -ClassName WESL_UserSetting

$user = "KioskUser"
$chromePath = "C:\Program Files\Google\Chrome\Application\chrome.exe"
$args = "--kiosk https://www.google.com"

New-CimInstance -Namespace $namespace -ClassName WESL_UserSetting -Property @{
    User = $user
    Shell = $chromePath
    Arguments = $args
}



PS C:\WINDOWS\system32> $namespace = "root\standardcimv2\embedded"
>> $class = Get-CimClass -Namespace $namespace -ClassName WESL_UserSetting
>>
>> $user = "KioskUser"
>> $chromePath = "C:\Program Files\Google\Chrome\Application\chrome.exe"
>> $args = "--kiosk https://www.google.com"
>>
>> New-CimInstance -Namespace $namespace -ClassName WESL_UserSetting -Property @{
>>     User = $user
>>     Shell = $chromePath
>>     AccountName = $args
>> }
New-CimInstance : Invalid property "AccountName"
At line:8 char:1
+ New-CimInstance -Namespace $namespace -ClassName WESL_UserSetting -Pr ...
+ ~~~~~~~~~~~~~~~~~~~~~~~~~~~~~~~~~~~~~~~~~~~~~~~~~~~~~~~~~~~~~~~~~~~~~
    + CategoryInfo          : ObjectNotFound: (WESL_UserSetting:CimInstance) [New-CimInstance], CimException
    + FullyQualifiedErrorId : HRESULT 0x80041002,Microsoft.Management.Infrastructure.CimCmdlets.NewCimInstanceCommand

PS C:\WINDOWS\system32>





PS C:\WINDOWS\system32> $namespace = "root\standardcimv2\embedded"
>> $class = Get-CimClass -Namespace $namespace -ClassName WESL_UserSetting
>>
>> $user = "KioskUser"
>> $chromePath = "C:\Program Files\Google\Chrome\Application\chrome.exe"
>> $args = "--kiosk https://www.google.com"
>>
>> New-CimInstance -Namespace $namespace -ClassName WESL_UserSetting -Property @{
>>     User = $user
>>     Shell = $chromePath
>>     CustomShellArguments = $args
>> }
>>
New-CimInstance : Invalid property "User"
At line:8 char:1
+ New-CimInstance -Namespace $namespace -ClassName WESL_UserSetting -Pr ...
+ ~~~~~~~~~~~~~~~~~~~~~~~~~~~~~~~~~~~~~~~~~~~~~~~~~~~~~~~~~~~~~~~~~~~~~
    + CategoryInfo          : ObjectNotFound: (WESL_UserSetting:CimInstance) [New-CimInstance], CimException
    + FullyQualifiedErrorId : HRESULT 0x80041002,Microsoft.Management.Infrastructure.CimCmdlets.NewCimInstanceCommand




$namespace = "root\standardcimv2\embedded"
$class = Get-CimClass -Namespace $namespace -ClassName WESL_UserSetting

$user = "KioskUser"
$chromePath = "C:\Program Files\Google\Chrome\Application\chrome.exe"
$args = "--kiosk https://www.google.com"

New-CimInstance -Namespace $namespace -ClassName WESL_UserSetting -Property @{
    User = $user
    Shell = $chromePath
    CustomShellArguments = $args
}




PS C:\WINDOWS\system32> Enable-WindowsOptionalFeature -FeatureName Client-EmbeddedShellLauncher -Online


Path          :
Online        : True
RestartNeeded : False



PS C:\WINDOWS\system32>



PS C:\Users\NursingIT\Desktop> .\SetKiosk.ps1
Set-AssignedAccess : A parameter cannot be found that matches parameter name 'AppPath'.
At C:\Users\NursingIT\Desktop\SetKiosk.ps1:2 char:3
+   -AppPath "C:\Program Files\Google\Chrome\Application\chrome.exe" `
+   ~~~~~~~~
    + CategoryInfo          : InvalidArgument: (:) [Set-AssignedAccess], ParameterBindingException
    + FullyQualifiedErrorId : NamedParameterNotFound,Set-AssignedAccess



Set-AssignedAccess -UserName "KioskUser" `
  -AppPath "C:\Program Files\Google\Chrome\Application\chrome.exe" `
  -AppArguments "--kiosk https://www.google.com"

PS C:\WINDOWS\system32> net user KioskUser 1NURSIT4all!te /add
The password does not meet the password policy requirements. Check the minimum password length, password complexity and password history requirements.

More help is available by typing NET HELPMSG 2245.

PS C:\WINDOWS\system32> NET HELPMSG 2245

The password does not meet the password policy requirements. Check the minimum password length, password complexity and password history requirements.




257284811-1001")
PS C:\Users\NursingIT> $objUser = $objSID.Translate([System.Security.Principal.NTAccount])
PS C:\Users\NursingIT> $objUser.Value
NURS-A1-6ZZK5Y2\NursingIT
PS C:\Users\NursingIT> Test-Path "C:\Program Files\Google\Chrome\Application\chrome.exe"
True
PS C:\Users\NursingIT> net localgroup administrators
Alias name     administrators
Comment        Adding CON_CM and CON_TM

Members

-------------------------------------------------------------------------------
Administrator
NursingIT
The command completed successfully.

PS C:\Users\NursingIT>


$objSID = New-Object System.Security.Principal.SecurityIdentifier("S-1-5-21-1945958628-710632427-257284811-1001")
$objUser = $objSID.Translate([System.Security.Principal.NTAccount])
$objUser.Value



PS C:\Users\NursingIT> Remove-AssignedAccess -UserName "NursingIT"
Remove-AssignedAccess : The term 'Remove-AssignedAccess' is not recognized as the name of a cmdlet, function, script
file, or operable program. Check the spelling of the name, or if a path was included, verify that the path is correct
and try again.
At line:1 char:1
+ Remove-AssignedAccess -UserName "NursingIT"
+ ~~~~~~~~~~~~~~~~~~~~~
    + CategoryInfo          : ObjectNotFound: (Remove-AssignedAccess:String) [], CommandNotFoundException
    + FullyQualifiedErrorId : CommandNotFoundException

PS C:\Users\NursingIT>

Remove-AssignedAccess -UserName "NursingIT"

Test-Path "C:\Program Files\Google\Chrome\Application\chrome.exe"

$objSID = New-Object System.Security.Principal.SecurityIdentifier("S-1-5-21-1945958628-710632427-257284811-1001")
$objUser = $objSID.Translate([System.Security.Principal.NTAccount])
$objUser.Value


CustomReturnCodes       :
CustomReturnCodesAction :
DefaultAction           :
Shell                   : C:\Program Files\Google\Chrome\Application\chrome.exe --kiosk
                          https://www.google.com
Sid                     : S-1-5-21-1945958628-710632427-257284811-1001
PSComputerName          :



PS C:\WINDOWS\system32>



PS C:\Users\NursingIT> Get-LocalUser | Select Name, SID

Name               SID
----               ---
Administrator      S-1-5-21-1945958628-710632427-257284811-500
DefaultAccount     S-1-5-21-1945958628-710632427-257284811-503
Guest              S-1-5-21-1945958628-710632427-257284811-501
NursingIT          S-1-5-21-1945958628-710632427-257284811-1001
WDAGUtilityAccount S-1-5-21-1945958628-710632427-257284811-504

$namespace = "root\standardcimv2\embedded"
$class = "WESL_UserSetting"
$sid = "S-1-5-21-1945958628-710632427-257284811-1001"

$instance = Get-CimInstance -Namespace $namespace -ClassName $class | Where-Object {$_.SID -eq $sid}

if(-not $instance)
{
    New-CimInstance -Namespace $namespace -ClassName $class -Property
    @{
        SID = $sid
        Shell = "C:\Program Files\Google\Chrome\Application\chrome.exe"
        Parameters = "--kiosk https://www.google.com"
        DefaultReturnCodeAction = 0
    }

}
else {

    Set-CimInstance -InputObject $instance -Property
    @{
        Shell = "C:\Program Files\Google\Chrome\Application\chrome.exe"
        Parameters = "--kiosk https://www.google.com"
        DefaultReturnCodeAction = 0
    }
}


New-CimInstance : A parameter cannot be found that matches parameter name 'Property@'.
At line:9 char:61
+ ...   New-CimInstance -Namespace $namespace -ClassName $class -Property@{
+                                                               ~~~~~~~~~~
    + CategoryInfo          : InvalidArgument: (:) [New-CimInstance], ParameterBindingException
    + FullyQualifiedErrorId : NamedParameterNotFound,Microsoft.Management.Infrastructure.CimCmdlets.NewCimInstanceComm
   and



New-CimInstance : Invalid property "Parameters"
At line:9 char:5
+     New-CimInstance -Namespace $namespace -ClassName $class -Property ...
+     ~~~~~~~~~~~~~~~~~~~~~~~~~~~~~~~~~~~~~~~~~~~~~~~~~~~~~~~~~~~~~~~~~
    + CategoryInfo          : ObjectNotFound: (WESL_UserSetting:CimInstance) [New-CimInstance], CimException
    + FullyQualifiedErrorId : HRESULT 0x80041002,Microsoft.Management.Infrastructure.CimCmdlets.NewCimInstanceCommand

